// Jest Snapshot v1, https://goo.gl/fbAQLP

exports[`Header should match snapshot in default state 1`] = `
ShallowWrapper {
  Symbol(enzyme.__root__): [Circular],
  Symbol(enzyme.__unrendered__): <Header />,
  Symbol(enzyme.__renderer__): Object {
    "batchedUpdates": [Function],
    "checkPropTypes": [Function],
    "getNode": [Function],
    "render": [Function],
    "simulateError": [Function],
    "simulateEvent": [Function],
    "unmount": [Function],
  },
  Symbol(enzyme.__node__): Object {
    "instance": null,
    "key": undefined,
    "nodeType": "function",
    "props": Object {
      "bg": "light",
      "children": <ForwardRef>
        <ForwardRef>
          <h3>
            Simplified Youtube
          </h3>
        </ForwardRef>
        <ForwardRef>
          <ForwardRef(Bootstrap(Button))
            onClick={[Function]}
            variant="primary"
          >
            Upload
          </ForwardRef(Bootstrap(Button))>
        </ForwardRef>
      </ForwardRef>,
      "expand": "lg",
    },
    "ref": null,
    "rendered": Object {
      "instance": null,
      "key": undefined,
      "nodeType": "function",
      "props": Object {
        "children": Array [
          <ForwardRef>
            <h3>
              Simplified Youtube
            </h3>
          </ForwardRef>,
          <ForwardRef>
            <ForwardRef(Bootstrap(Button))
              onClick={[Function]}
              variant="primary"
            >
              Upload
            </ForwardRef(Bootstrap(Button))>
          </ForwardRef>,
        ],
      },
      "ref": null,
      "rendered": Array [
        Object {
          "instance": null,
          "key": undefined,
          "nodeType": "function",
          "props": Object {
            "children": <h3>
              Simplified Youtube
            </h3>,
          },
          "ref": null,
          "rendered": Object {
            "instance": null,
            "key": undefined,
            "nodeType": "host",
            "props": Object {
              "children": "Simplified Youtube",
            },
            "ref": null,
            "rendered": "Simplified Youtube",
            "type": "h3",
          },
          "type": Object {
            "$$typeof": Symbol(react.forward_ref),
            "attrs": Array [],
            "componentStyle": ComponentStyle {
              "componentId": "sc-bwzfXH",
              "isStatic": true,
              "rules": Array [
                "
  width: 50%;
  justify-content: flex-start;
",
              ],
            },
            "displayName": "styled.div",
            "foldedComponentIds": Array [],
            "render": [Function],
            "styledComponentId": "sc-bwzfXH",
            "target": "div",
            "toString": [Function],
            "warnTooManyClasses": [Function],
            "withComponent": [Function],
          },
        },
        Object {
          "instance": null,
          "key": undefined,
          "nodeType": "function",
          "props": Object {
            "children": <ForwardRef(Bootstrap(Button))
              onClick={[Function]}
              variant="primary"
            >
              Upload
            </ForwardRef(Bootstrap(Button))>,
          },
          "ref": null,
          "rendered": Object {
            "instance": null,
            "key": undefined,
            "nodeType": "function",
            "props": Object {
              "children": "Upload",
              "onClick": [Function],
              "variant": "primary",
            },
            "ref": null,
            "rendered": "Upload",
            "type": Object {
              "$$typeof": Symbol(react.forward_ref),
              "defaultProps": undefined,
              "propTypes": undefined,
              "render": [Function],
            },
          },
          "type": Object {
            "$$typeof": Symbol(react.forward_ref),
            "attrs": Array [],
            "componentStyle": ComponentStyle {
              "componentId": "sc-htpNat",
              "isStatic": true,
              "rules": Array [
                "
  display: flex;
  width: 50%;
  justify-content: flex-end;
",
              ],
            },
            "displayName": "styled.div",
            "foldedComponentIds": Array [],
            "render": [Function],
            "styledComponentId": "sc-htpNat",
            "target": "div",
            "toString": [Function],
            "warnTooManyClasses": [Function],
            "withComponent": [Function],
          },
        },
      ],
      "type": Object {
        "$$typeof": Symbol(react.forward_ref),
        "attrs": Array [],
        "componentStyle": ComponentStyle {
          "componentId": "sc-bdVaJa",
          "isStatic": true,
          "rules": Array [
            "
  display: flex;
  width: 100%;
",
          ],
        },
        "displayName": "styled.div",
        "foldedComponentIds": Array [],
        "render": [Function],
        "styledComponentId": "sc-bdVaJa",
        "target": "div",
        "toString": [Function],
        "warnTooManyClasses": [Function],
        "withComponent": [Function],
      },
    },
    "type": Object {
      "$$typeof": Symbol(react.forward_ref),
      "Brand": Object {
        "$$typeof": Symbol(react.forward_ref),
        "defaultProps": undefined,
        "propTypes": undefined,
        "render": [Function],
      },
      "Collapse": Object {
        "$$typeof": Symbol(react.forward_ref),
        "defaultProps": undefined,
        "propTypes": undefined,
        "render": [Function],
      },
      "Text": Object {
        "$$typeof": Symbol(react.forward_ref),
        "defaultProps": undefined,
        "propTypes": undefined,
        "render": [Function],
      },
      "Toggle": Object {
        "$$typeof": Symbol(react.forward_ref),
        "defaultProps": undefined,
        "propTypes": undefined,
        "render": [Function],
      },
      "defaultProps": undefined,
      "propTypes": undefined,
      "render": [Function],
    },
  },
  Symbol(enzyme.__nodes__): Array [
    Object {
      "instance": null,
      "key": undefined,
      "nodeType": "function",
      "props": Object {
        "bg": "light",
        "children": <ForwardRef>
          <ForwardRef>
            <h3>
              Simplified Youtube
            </h3>
          </ForwardRef>
          <ForwardRef>
            <ForwardRef(Bootstrap(Button))
              onClick={[Function]}
              variant="primary"
            >
              Upload
            </ForwardRef(Bootstrap(Button))>
          </ForwardRef>
        </ForwardRef>,
        "expand": "lg",
      },
      "ref": null,
      "rendered": Object {
        "instance": null,
        "key": undefined,
        "nodeType": "function",
        "props": Object {
          "children": Array [
            <ForwardRef>
              <h3>
                Simplified Youtube
              </h3>
            </ForwardRef>,
            <ForwardRef>
              <ForwardRef(Bootstrap(Button))
                onClick={[Function]}
                variant="primary"
              >
                Upload
              </ForwardRef(Bootstrap(Button))>
            </ForwardRef>,
          ],
        },
        "ref": null,
        "rendered": Array [
          Object {
            "instance": null,
            "key": undefined,
            "nodeType": "function",
            "props": Object {
              "children": <h3>
                Simplified Youtube
              </h3>,
            },
            "ref": null,
            "rendered": Object {
              "instance": null,
              "key": undefined,
              "nodeType": "host",
              "props": Object {
                "children": "Simplified Youtube",
              },
              "ref": null,
              "rendered": "Simplified Youtube",
              "type": "h3",
            },
            "type": Object {
              "$$typeof": Symbol(react.forward_ref),
              "attrs": Array [],
              "componentStyle": ComponentStyle {
                "componentId": "sc-bwzfXH",
                "isStatic": true,
                "rules": Array [
                  "
  width: 50%;
  justify-content: flex-start;
",
                ],
              },
              "displayName": "styled.div",
              "foldedComponentIds": Array [],
              "render": [Function],
              "styledComponentId": "sc-bwzfXH",
              "target": "div",
              "toString": [Function],
              "warnTooManyClasses": [Function],
              "withComponent": [Function],
            },
          },
          Object {
            "instance": null,
            "key": undefined,
            "nodeType": "function",
            "props": Object {
              "children": <ForwardRef(Bootstrap(Button))
                onClick={[Function]}
                variant="primary"
              >
                Upload
              </ForwardRef(Bootstrap(Button))>,
            },
            "ref": null,
            "rendered": Object {
              "instance": null,
              "key": undefined,
              "nodeType": "function",
              "props": Object {
                "children": "Upload",
                "onClick": [Function],
                "variant": "primary",
              },
              "ref": null,
              "rendered": "Upload",
              "type": Object {
                "$$typeof": Symbol(react.forward_ref),
                "defaultProps": undefined,
                "propTypes": undefined,
                "render": [Function],
              },
            },
            "type": Object {
              "$$typeof": Symbol(react.forward_ref),
              "attrs": Array [],
              "componentStyle": ComponentStyle {
                "componentId": "sc-htpNat",
                "isStatic": true,
                "rules": Array [
                  "
  display: flex;
  width: 50%;
  justify-content: flex-end;
",
                ],
              },
              "displayName": "styled.div",
              "foldedComponentIds": Array [],
              "render": [Function],
              "styledComponentId": "sc-htpNat",
              "target": "div",
              "toString": [Function],
              "warnTooManyClasses": [Function],
              "withComponent": [Function],
            },
          },
        ],
        "type": Object {
          "$$typeof": Symbol(react.forward_ref),
          "attrs": Array [],
          "componentStyle": ComponentStyle {
            "componentId": "sc-bdVaJa",
            "isStatic": true,
            "rules": Array [
              "
  display: flex;
  width: 100%;
",
            ],
          },
          "displayName": "styled.div",
          "foldedComponentIds": Array [],
          "render": [Function],
          "styledComponentId": "sc-bdVaJa",
          "target": "div",
          "toString": [Function],
          "warnTooManyClasses": [Function],
          "withComponent": [Function],
        },
      },
      "type": Object {
        "$$typeof": Symbol(react.forward_ref),
        "Brand": Object {
          "$$typeof": Symbol(react.forward_ref),
          "defaultProps": undefined,
          "propTypes": undefined,
          "render": [Function],
        },
        "Collapse": Object {
          "$$typeof": Symbol(react.forward_ref),
          "defaultProps": undefined,
          "propTypes": undefined,
          "render": [Function],
        },
        "Text": Object {
          "$$typeof": Symbol(react.forward_ref),
          "defaultProps": undefined,
          "propTypes": undefined,
          "render": [Function],
        },
        "Toggle": Object {
          "$$typeof": Symbol(react.forward_ref),
          "defaultProps": undefined,
          "propTypes": undefined,
          "render": [Function],
        },
        "defaultProps": undefined,
        "propTypes": undefined,
        "render": [Function],
      },
    },
  ],
  Symbol(enzyme.__options__): Object {
    "adapter": ReactSixteenAdapter {
      "options": Object {
        "enableComponentDidUpdateOnSetState": true,
        "legacyContextMode": "parent",
        "lifecycles": Object {
          "componentDidUpdate": Object {
            "onSetState": true,
          },
          "getChildContext": Object {
            "calledByRenderer": false,
          },
          "getDerivedStateFromProps": true,
          "getSnapshotBeforeUpdate": true,
          "setState": Object {
            "skipsComponentDidUpdateOnNullish": true,
          },
        },
      },
    },
  },
}
`;
